1e 00 00 00 28 00 00 00
32 00 00 00 3c 00 00 00
46 00 00 00 50 00 00 00
5a 00 00 00 64 00 00 00
2d 00 00 00 36 00 00 00
3f 00 00 00 48 00 00 00
51 00 00 00 5a 00 00 00
0a 00 00 00 14 00 00 00
