40 00 f8 00 44 00 f8 00
48 00 f8 00 00 00 00 00
00 00 00 00 00 00 00 00
00 00 00 00 00 00 00 00
20 00 f0 00 24 00 f0 00
28 00 f0 00 2c 00 f0 00
00 00 00 00 00 00 00 00
00 00 00 00 00 00 00 00
00 00 f8 00 04 00 f8 00
08 00 f8 00 0c 00 f8 00
10 00 f8 00 14 00 f8 00
18 00 f8 00 1c 00 f8 00
20 00 f8 00 24 00 f8 00
28 00 f8 00 2c 00 f8 00
30 00 f8 00 34 00 f8 00
38 00 f8 00 3c 00 f8 00
