	addi $1,$0,1	16 17 18 18
	addi $3,$0,0	17 18 19 19
	addi $4,$0,11	18 19 20 20
LOOP1:	addi $2,$0,1	19 20 21 21
	addi $3,$3,4	26 27 28 28
	addi $2,$2,1	27 28 29 29
LOOP2:	mul $5,$1,$2	24 25 32 32
	sw $5,(1024)$3	25 33 -1 -1
	bne $2,$4,LOOP2	42 43 -1 -1
	addi $3,$3,4	48 49 50 50
	addi $2,$2,1	49 50 51 51
	bne $2,$4,LOOP2	50 52 -1 -1
LOOP2:	mul $5,$1,$2	46 47 54 54
	sw $5,(1024)$3	47 55 -1 -1
	addi $3,$3,4	57 58 59 59
	addi $2,$2,1	58 59 60 60
	bne $2,$4,LOOP2	59 61 -1 -1
LOOP2:	mul $5,$1,$2	55 56 63 63
	sw $5,(1024)$3	56 64 -1 -1
	addi $3,$3,4	66 67 68 68
	addi $2,$2,1	67 68 69 69
	bne $2,$4,LOOP2	68 70 -1 -1
LOOP2:	mul $5,$1,$2	64 65 72 72
	sw $5,(1024)$3	65 73 -1 -1
	addi $3,$3,4	75 76 77 77
	addi $2,$2,1	76 77 78 78
	bne $2,$4,LOOP2	77 79 -1 -1
LOOP2:	mul $5,$1,$2	73 74 81 81
	sw $5,(1024)$3	74 82 -1 -1
	addi $3,$3,4	84 85 86 86
	addi $2,$2,1	85 86 87 87
	bne $2,$4,LOOP2	86 88 -1 -1
LOOP2:	mul $5,$1,$2	82 83 90 90
	sw $5,(1024)$3	83 91 -1 -1
	addi $3,$3,4	93 94 95 95
	addi $2,$2,1	94 95 96 96
	bne $2,$4,LOOP2	95 97 -1 -1
LOOP2:	mul $5,$1,$2	91 92 99 99
	sw $5,(1024)$3	92 100 -1 -1
	addi $3,$3,4	102 103 104 104
	addi $2,$2,1	103 104 105 105
	bne $2,$4,LOOP2	104 106 -1 -1
LOOP2:	mul $5,$1,$2	100 101 108 108
	sw $5,(1024)$3	101 109 -1 -1
	addi $3,$3,4	111 112 113 113
	addi $2,$2,1	112 113 114 114
	bne $2,$4,LOOP2	113 115 -1 -1
LOOP2:	mul $5,$1,$2	109 110 117 117
	sw $5,(1024)$3	110 118 -1 -1
	addi $3,$3,4	120 121 122 122
	addi $2,$2,1	121 122 123 123
	bne $2,$4,LOOP2	122 124 -1 -1
LOOP2:	mul $5,$1,$2	118 119 126 126
	addi $1,$1,1	127 128 129 129
	bne $1,$4,LOOP1	128 130 -1 -1
LOOP1:	addi $2,$0,1	133 134 135 135
	addi $3,$3,4	136 137 138 138
	addi $2,$2,1	137 138 139 139
	sw $5,(1024)$3	119 127 -1 -1
	bne $2,$4,LOOP2	138 140 -1 -1
LOOP2:	mul $5,$1,$2	134 136 143 143
	sw $5,(1024)$3	135 144 -1 -1
	addi $3,$3,4	145 146 147 147
	addi $2,$2,1	146 147 148 148
	bne $2,$4,LOOP2	147 149 -1 -1
LOOP2:	mul $5,$1,$2	143 144 151 151
	sw $5,(1024)$3	144 152 -1 -1
	addi $3,$3,4	154 155 156 156
	addi $2,$2,1	155 156 157 157
	bne $2,$4,LOOP2	156 158 -1 -1
LOOP2:	mul $5,$1,$2	152 153 160 160
	sw $5,(1024)$3	153 161 -1 -1
	addi $3,$3,4	163 164 165 165
	addi $2,$2,1	164 165 166 166
	bne $2,$4,LOOP2	165 167 -1 -1
LOOP2:	mul $5,$1,$2	161 162 169 169
	sw $5,(1024)$3	162 170 -1 -1
	addi $3,$3,4	172 173 174 174
	addi $2,$2,1	173 174 175 175
	bne $2,$4,LOOP2	174 176 -1 -1
LOOP2:	mul $5,$1,$2	170 171 178 178
	sw $5,(1024)$3	171 179 -1 -1
	addi $3,$3,4	181 182 183 183
	addi $2,$2,1	182 183 184 184
	bne $2,$4,LOOP2	183 185 -1 -1
LOOP2:	mul $5,$1,$2	179 180 187 187
	sw $5,(1024)$3	180 188 -1 -1
	addi $3,$3,4	190 191 192 192
	addi $2,$2,1	191 192 193 193
	bne $2,$4,LOOP2	192 194 -1 -1
LOOP2:	mul $5,$1,$2	188 189 196 196
	sw $5,(1024)$3	189 197 -1 -1
	addi $3,$3,4	199 200 201 201
	addi $2,$2,1	200 201 202 202
	bne $2,$4,LOOP2	201 203 -1 -1
LOOP2:	mul $5,$1,$2	197 198 205 205
	addi $3,$3,4	208 209 210 210
	addi $2,$2,1	209 210 211 211
	bne $2,$4,LOOP2	210 212 -1 -1
LOOP2:	mul $5,$1,$2	206 207 214 214
	sw $5,(1024)$3	198 206 -1 -1
	sw $5,(1024)$3	207 220 -1 -1
	addi $3,$3,4	221 222 223 223
	addi $2,$2,1	222 223 224 224
LOOP2:	mul $5,$1,$2	215 216 225 225
	bne $2,$4,LOOP2	223 225 -1 -1
	sw $5,(1024)$3	220 226 -1 -1
	addi $1,$1,1	228 229 230 230
	bne $1,$4,LOOP1	229 231 -1 -1
LOOP1:	addi $2,$0,1	234 235 236 236
	addi $3,$3,4	237 238 239 239
	addi $2,$2,1	238 239 240 240
	bne $2,$4,LOOP2	239 241 -1 -1
LOOP2:	mul $5,$1,$2	235 237 244 244
	sw $5,(1024)$3	236 245 -1 -1
	addi $3,$3,4	246 247 248 248
	addi $2,$2,1	247 248 249 249
	bne $2,$4,LOOP2	248 250 -1 -1
LOOP2:	mul $5,$1,$2	244 245 252 252
	sw $5,(1024)$3	245 253 -1 -1
	addi $3,$3,4	255 256 257 257
	addi $2,$2,1	256 257 258 258
	bne $2,$4,LOOP2	257 259 -1 -1
LOOP2:	mul $5,$1,$2	253 254 261 261
	sw $5,(1024)$3	254 262 -1 -1
	addi $3,$3,4	264 265 266 266
	addi $2,$2,1	265 266 267 267
	bne $2,$4,LOOP2	266 268 -1 -1
LOOP2:	mul $5,$1,$2	262 263 270 270
	sw $5,(1024)$3	263 271 -1 -1
	addi $3,$3,4	273 274 275 275
	addi $2,$2,1	274 275 276 276
	bne $2,$4,LOOP2	275 277 -1 -1
LOOP2:	mul $5,$1,$2	271 272 279 279
	sw $5,(1024)$3	272 280 -1 -1
	addi $3,$3,4	282 283 284 284
	addi $2,$2,1	283 284 285 285
	bne $2,$4,LOOP2	284 286 -1 -1
LOOP2:	mul $5,$1,$2	280 281 288 288
	addi $3,$3,4	291 292 293 293
	addi $2,$2,1	292 293 294 294
	bne $2,$4,LOOP2	293 295 -1 -1
LOOP2:	mul $5,$1,$2	289 290 297 297
	sw $5,(1024)$3	281 289 -1 -1
	sw $5,(1024)$3	290 303 -1 -1
	addi $3,$3,4	304 305 306 306
	addi $2,$2,1	305 306 307 307
LOOP2:	mul $5,$1,$2	298 299 308 308
	bne $2,$4,LOOP2	306 308 -1 -1
	sw $5,(1024)$3	303 309 -1 -1
	addi $3,$3,4	313 314 315 315
	addi $2,$2,1	314 315 316 316
	bne $2,$4,LOOP2	315 317 -1 -1
LOOP2:	mul $5,$1,$2	311 312 319 319
	sw $5,(1024)$3	312 320 -1 -1
	addi $3,$3,4	322 323 324 324
	addi $2,$2,1	323 324 325 325
	bne $2,$4,LOOP2	324 326 -1 -1
LOOP2:	mul $5,$1,$2	320 321 328 328
	sw $5,(1024)$3	321 329 -1 -1
	addi $1,$1,1	329 330 331 331
	bne $1,$4,LOOP1	330 332 -1 -1
LOOP1:	addi $2,$0,1	335 336 337 337
	addi $3,$3,4	338 339 340 340
	addi $2,$2,1	339 340 341 341
	bne $2,$4,LOOP2	340 342 -1 -1
LOOP2:	mul $5,$1,$2	336 338 345 345
	sw $5,(1024)$3	337 346 -1 -1
	addi $3,$3,4	347 348 349 349
	addi $2,$2,1	348 349 350 350
	bne $2,$4,LOOP2	349 351 -1 -1
LOOP2:	mul $5,$1,$2	345 346 353 353
	sw $5,(1024)$3	346 354 -1 -1
	addi $3,$3,4	356 357 358 358
	addi $2,$2,1	357 358 359 359
	bne $2,$4,LOOP2	358 360 -1 -1
LOOP2:	mul $5,$1,$2	354 355 362 362
	sw $5,(1024)$3	355 363 -1 -1
	addi $3,$3,4	365 366 367 367
	addi $2,$2,1	366 367 368 368
	bne $2,$4,LOOP2	367 369 -1 -1
LOOP2:	mul $5,$1,$2	363 364 371 371
	addi $3,$3,4	374 375 376 376
	addi $2,$2,1	375 376 377 377
	bne $2,$4,LOOP2	376 378 -1 -1
LOOP2:	mul $5,$1,$2	372 373 380 380
LOOP2:	mul $5,$1,$2	381 382 389 389
	sw $5,(1024)$3	364 372 -1 -1
	sw $5,(1024)$3	373 403 -1 -1
	addi $3,$3,4	404 405 406 406
	addi $2,$2,1	405 406 407 407
	sw $5,(1024)$3	403 405 -1 -1
	bne $2,$4,LOOP2	406 408 -1 -1
	addi $3,$3,4	413 414 415 415
	addi $2,$2,1	414 415 416 416
	bne $2,$4,LOOP2	415 417 -1 -1
LOOP2:	mul $5,$1,$2	411 412 419 419
	sw $5,(1024)$3	412 420 -1 -1
	addi $3,$3,4	422 423 424 424
	addi $2,$2,1	423 424 425 425
	bne $2,$4,LOOP2	424 426 -1 -1
LOOP2:	mul $5,$1,$2	420 421 428 428
	sw $5,(1024)$3	421 429 -1 -1
	addi $3,$3,4	431 432 433 433
	addi $2,$2,1	432 433 434 434
	bne $2,$4,LOOP2	433 435 -1 -1
LOOP2:	mul $5,$1,$2	429 430 437 437
	sw $5,(1024)$3	430 438 -1 -1
	addi $3,$3,4	440 441 442 442
	addi $2,$2,1	441 442 443 443
	bne $2,$4,LOOP2	442 444 -1 -1
LOOP2:	mul $5,$1,$2	438 439 446 446
	sw $5,(1024)$3	439 447 -1 -1
	addi $1,$1,1	447 448 449 449
	bne $1,$4,LOOP1	448 450 -1 -1
LOOP1:	addi $2,$0,1	453 454 455 455
	addi $3,$3,4	456 457 458 458
	addi $2,$2,1	457 458 459 459
	bne $2,$4,LOOP2	458 460 -1 -1
LOOP2:	mul $5,$1,$2	454 456 463 463
	sw $5,(1024)$3	455 464 -1 -1
	addi $3,$3,4	465 466 467 467
	addi $2,$2,1	466 467 468 468
	bne $2,$4,LOOP2	467 469 -1 -1
LOOP2:	mul $5,$1,$2	463 464 471 471
	addi $3,$3,4	474 475 476 476
	addi $2,$2,1	475 476 477 477
	bne $2,$4,LOOP2	476 478 -1 -1
LOOP2:	mul $5,$1,$2	472 473 480 480
LOOP2:	mul $5,$1,$2	481 482 489 489
	sw $5,(1024)$3	464 472 -1 -1
	sw $5,(1024)$3	473 504 -1 -1
	addi $3,$3,4	505 506 507 507
	addi $2,$2,1	506 507 508 508
	sw $5,(1024)$3	504 506 -1 -1
	bne $2,$4,LOOP2	507 509 -1 -1
	addi $3,$3,4	514 515 516 516
	addi $2,$2,1	515 516 517 517
	bne $2,$4,LOOP2	516 518 -1 -1
LOOP2:	mul $5,$1,$2	512 513 520 520
	sw $5,(1024)$3	513 521 -1 -1
	addi $3,$3,4	523 524 525 525
	addi $2,$2,1	524 525 526 526
	bne $2,$4,LOOP2	525 527 -1 -1
LOOP2:	mul $5,$1,$2	521 522 529 529
	sw $5,(1024)$3	522 530 -1 -1
	addi $3,$3,4	532 533 534 534
	addi $2,$2,1	533 534 535 535
	bne $2,$4,LOOP2	534 536 -1 -1
LOOP2:	mul $5,$1,$2	530 531 538 538
	sw $5,(1024)$3	531 539 -1 -1
	addi $3,$3,4	541 542 543 543
	addi $2,$2,1	542 543 544 544
	bne $2,$4,LOOP2	543 545 -1 -1
LOOP2:	mul $5,$1,$2	539 540 547 547
	sw $5,(1024)$3	540 548 -1 -1
	addi $3,$3,4	550 551 552 552
	addi $2,$2,1	551 552 553 553
	bne $2,$4,LOOP2	552 554 -1 -1
LOOP2:	mul $5,$1,$2	548 549 556 556
	sw $5,(1024)$3	549 557 -1 -1
	addi $3,$3,4	559 560 561 561
	addi $2,$2,1	560 561 562 562
	bne $2,$4,LOOP2	561 563 -1 -1
LOOP2:	mul $5,$1,$2	557 558 565 565
	addi $1,$1,1	566 567 568 568
	bne $1,$4,LOOP1	567 569 -1 -1
LOOP1:	addi $2,$0,1	572 573 574 574
	addi $3,$3,4	575 576 577 577
	addi $2,$2,1	576 577 578 578
	bne $2,$4,LOOP2	577 579 -1 -1
LOOP2:	mul $5,$1,$2	573 575 582 582
LOOP2:	mul $5,$1,$2	582 583 590 590
	sw $5,(1024)$3	558 566 -1 -1
	sw $5,(1024)$3	574 597 -1 -1
	addi $3,$3,4	598 599 600 600
	addi $2,$2,1	599 600 601 601
	sw $5,(1024)$3	597 599 -1 -1
	bne $2,$4,LOOP2	600 602 -1 -1
	addi $3,$3,4	607 608 609 609
	addi $2,$2,1	608 609 610 610
	bne $2,$4,LOOP2	609 611 -1 -1
LOOP2:	mul $5,$1,$2	605 606 613 613
	sw $5,(1024)$3	606 614 -1 -1
	addi $3,$3,4	616 617 618 618
	addi $2,$2,1	617 618 619 619
	bne $2,$4,LOOP2	618 620 -1 -1
LOOP2:	mul $5,$1,$2	614 615 622 622
	sw $5,(1024)$3	615 623 -1 -1
	addi $3,$3,4	625 626 627 627
	addi $2,$2,1	626 627 628 628
	bne $2,$4,LOOP2	627 629 -1 -1
LOOP2:	mul $5,$1,$2	623 624 631 631
	sw $5,(1024)$3	624 632 -1 -1
	addi $3,$3,4	634 635 636 636
	addi $2,$2,1	635 636 637 637
	bne $2,$4,LOOP2	636 638 -1 -1
LOOP2:	mul $5,$1,$2	632 633 640 640
	sw $5,(1024)$3	633 641 -1 -1
	addi $3,$3,4	643 644 645 645
	addi $2,$2,1	644 645 646 646
	bne $2,$4,LOOP2	645 647 -1 -1
LOOP2:	mul $5,$1,$2	641 642 649 649
	sw $5,(1024)$3	642 650 -1 -1
	addi $3,$3,4	652 653 654 654
	addi $2,$2,1	653 654 655 655
	bne $2,$4,LOOP2	654 656 -1 -1
LOOP2:	mul $5,$1,$2	650 651 658 658
	addi $3,$3,4	661 662 663 663
	addi $2,$2,1	662 663 664 664
	bne $2,$4,LOOP2	663 665 -1 -1
LOOP2:	mul $5,$1,$2	659 660 667 667
LOOP2:	mul $5,$1,$2	668 669 676 676
	sw $5,(1024)$3	651 659 -1 -1
	sw $5,(1024)$3	660 690 -1 -1
	addi $3,$3,4	691 692 693 693
	addi $2,$2,1	692 693 694 694
	sw $5,(1024)$3	690 692 -1 -1
	bne $2,$4,LOOP2	693 695 -1 -1
	addi $1,$1,1	698 699 700 700
	bne $1,$4,LOOP1	699 701 -1 -1
LOOP1:	addi $2,$0,1	704 705 706 706
	addi $3,$3,4	707 708 709 709
	addi $2,$2,1	708 709 710 710
	bne $2,$4,LOOP2	709 711 -1 -1
LOOP2:	mul $5,$1,$2	705 707 714 714
	sw $5,(1024)$3	706 715 -1 -1
	addi $3,$3,4	716 717 718 718
	addi $2,$2,1	717 718 719 719
	bne $2,$4,LOOP2	718 720 -1 -1
LOOP2:	mul $5,$1,$2	714 715 722 722
	sw $5,(1024)$3	715 723 -1 -1
	addi $3,$3,4	725 726 727 727
	addi $2,$2,1	726 727 728 728
	bne $2,$4,LOOP2	727 729 -1 -1
LOOP2:	mul $5,$1,$2	723 724 731 731
	sw $5,(1024)$3	724 732 -1 -1
	addi $3,$3,4	734 735 736 736
	addi $2,$2,1	735 736 737 737
	bne $2,$4,LOOP2	736 738 -1 -1
LOOP2:	mul $5,$1,$2	732 733 740 740
	sw $5,(1024)$3	733 741 -1 -1
	addi $3,$3,4	743 744 745 745
	addi $2,$2,1	744 745 746 746
	bne $2,$4,LOOP2	745 747 -1 -1
LOOP2:	mul $5,$1,$2	741 742 749 749
	sw $5,(1024)$3	742 750 -1 -1
	addi $3,$3,4	752 753 754 754
	addi $2,$2,1	753 754 755 755
	bne $2,$4,LOOP2	754 756 -1 -1
LOOP2:	mul $5,$1,$2	750 751 758 758
	addi $3,$3,4	761 762 763 763
	addi $2,$2,1	762 763 764 764
	bne $2,$4,LOOP2	763 765 -1 -1
LOOP2:	mul $5,$1,$2	759 760 767 767
LOOP2:	mul $5,$1,$2	768 769 776 776
	sw $5,(1024)$3	751 759 -1 -1
	sw $5,(1024)$3	760 790 -1 -1
	addi $3,$3,4	791 792 793 793
	addi $2,$2,1	792 793 794 794
	sw $5,(1024)$3	790 792 -1 -1
	bne $2,$4,LOOP2	793 795 -1 -1
	addi $3,$3,4	800 801 802 802
	addi $2,$2,1	801 802 803 803
	bne $2,$4,LOOP2	802 804 -1 -1
LOOP2:	mul $5,$1,$2	798 799 806 806
	sw $5,(1024)$3	799 807 -1 -1
	addi $3,$3,4	809 810 811 811
	addi $2,$2,1	810 811 812 812
	bne $2,$4,LOOP2	811 813 -1 -1
LOOP2:	mul $5,$1,$2	807 808 815 815
	sw $5,(1024)$3	808 816 -1 -1
	addi $1,$1,1	816 817 818 818
	bne $1,$4,LOOP1	817 819 -1 -1
LOOP1:	addi $2,$0,1	822 823 824 824
	addi $3,$3,4	825 826 827 827
	addi $2,$2,1	826 827 828 828
	bne $2,$4,LOOP2	827 829 -1 -1
LOOP2:	mul $5,$1,$2	823 825 832 832
	sw $5,(1024)$3	824 833 -1 -1
	addi $3,$3,4	834 835 836 836
	addi $2,$2,1	835 836 837 837
	bne $2,$4,LOOP2	836 838 -1 -1
LOOP2:	mul $5,$1,$2	832 833 840 840
	sw $5,(1024)$3	833 841 -1 -1
	addi $3,$3,4	843 844 845 845
	addi $2,$2,1	844 845 846 846
	bne $2,$4,LOOP2	845 847 -1 -1
LOOP2:	mul $5,$1,$2	841 842 849 849
	sw $5,(1024)$3	842 850 -1 -1
	addi $3,$3,4	852 853 854 854
	addi $2,$2,1	853 854 855 855
	bne $2,$4,LOOP2	854 856 -1 -1
LOOP2:	mul $5,$1,$2	850 851 858 858
	addi $3,$3,4	861 862 863 863
	addi $2,$2,1	862 863 864 864
	bne $2,$4,LOOP2	863 865 -1 -1
LOOP2:	mul $5,$1,$2	859 860 867 867
LOOP2:	mul $5,$1,$2	868 869 876 876
	sw $5,(1024)$3	851 859 -1 -1
	sw $5,(1024)$3	860 890 -1 -1
	addi $3,$3,4	891 892 893 893
	addi $2,$2,1	892 893 894 894
	sw $5,(1024)$3	890 892 -1 -1
	bne $2,$4,LOOP2	893 895 -1 -1
	addi $3,$3,4	900 901 902 902
	addi $2,$2,1	901 902 903 903
	bne $2,$4,LOOP2	902 904 -1 -1
LOOP2:	mul $5,$1,$2	898 899 906 906
	sw $5,(1024)$3	899 907 -1 -1
	addi $3,$3,4	909 910 911 911
	addi $2,$2,1	910 911 912 912
	bne $2,$4,LOOP2	911 913 -1 -1
LOOP2:	mul $5,$1,$2	907 908 915 915
	sw $5,(1024)$3	908 916 -1 -1
	addi $3,$3,4	918 919 920 920
	addi $2,$2,1	919 920 921 921
	bne $2,$4,LOOP2	920 922 -1 -1
LOOP2:	mul $5,$1,$2	916 917 924 924
	sw $5,(1024)$3	917 925 -1 -1
	addi $3,$3,4	927 928 929 929
	addi $2,$2,1	928 929 930 930
	bne $2,$4,LOOP2	929 931 -1 -1
LOOP2:	mul $5,$1,$2	925 926 933 933
	sw $5,(1024)$3	926 934 -1 -1
	addi $1,$1,1	934 935 936 936
	bne $1,$4,LOOP1	935 937 -1 -1
LOOP1:	addi $2,$0,1	940 941 942 942
	addi $3,$3,4	943 944 945 945
	addi $2,$2,1	944 945 946 946
	bne $2,$4,LOOP2	945 947 -1 -1
LOOP2:	mul $5,$1,$2	941 943 950 950
	sw $5,(1024)$3	942 951 -1 -1
	addi $3,$3,4	952 953 954 954
	addi $2,$2,1	953 954 955 955
	bne $2,$4,LOOP2	954 956 -1 -1
LOOP2:	mul $5,$1,$2	950 951 958 958
	addi $3,$3,4	961 962 963 963
	addi $2,$2,1	962 963 964 964
	bne $2,$4,LOOP2	963 965 -1 -1
LOOP2:	mul $5,$1,$2	959 960 967 967
LOOP2:	mul $5,$1,$2	968 969 976 976
	sw $5,(1024)$3	951 959 -1 -1
	sw $5,(1024)$3	960 991 -1 -1
	addi $3,$3,4	992 993 994 994
	addi $2,$2,1	993 994 995 995
	sw $5,(1024)$3	991 993 -1 -1
	bne $2,$4,LOOP2	994 996 -1 -1
	addi $3,$3,4	1001 1002 1003 1003
	addi $2,$2,1	1002 1003 1004 1004
	bne $2,$4,LOOP2	1003 1005 -1 -1
LOOP2:	mul $5,$1,$2	999 1000 1007 1007
	sw $5,(1024)$3	1000 1008 -1 -1
	addi $3,$3,4	1010 1011 1012 1012
	addi $2,$2,1	1011 1012 1013 1013
	bne $2,$4,LOOP2	1012 1014 -1 -1
LOOP2:	mul $5,$1,$2	1008 1009 1016 1016
	sw $5,(1024)$3	1009 1017 -1 -1
	addi $3,$3,4	1019 1020 1021 1021
	addi $2,$2,1	1020 1021 1022 1022
	bne $2,$4,LOOP2	1021 1023 -1 -1
LOOP2:	mul $5,$1,$2	1017 1018 1025 1025
	sw $5,(1024)$3	1018 1026 -1 -1
	addi $3,$3,4	1028 1029 1030 1030
	addi $2,$2,1	1029 1030 1031 1031
	bne $2,$4,LOOP2	1030 1032 -1 -1
LOOP2:	mul $5,$1,$2	1026 1027 1034 1034
	sw $5,(1024)$3	1027 1035 -1 -1
	addi $3,$3,4	1037 1038 1039 1039
	addi $2,$2,1	1038 1039 1040 1040
	bne $2,$4,LOOP2	1039 1041 -1 -1
LOOP2:	mul $5,$1,$2	1035 1036 1043 1043
	sw $5,(1024)$3	1036 1044 -1 -1
	addi $3,$3,4	1046 1047 1048 1048
	addi $2,$2,1	1047 1048 1049 1049
	bne $2,$4,LOOP2	1048 1050 -1 -1
LOOP2:	mul $5,$1,$2	1044 1045 1052 1052
	addi $1,$1,1	1053 1054 1055 1055
	bne $1,$4,LOOP1	1054 1056 -1 -1
LOOP1:	addi $2,$0,1	1059 1060 1061 1061
	addi $3,$3,4	1062 1063 1064 1064
	addi $2,$2,1	1063 1064 1065 1065
	bne $2,$4,LOOP2	1064 1066 -1 -1
LOOP2:	mul $5,$1,$2	1060 1062 1069 1069
LOOP2:	mul $5,$1,$2	1069 1070 1077 1077
	sw $5,(1024)$3	1045 1053 -1 -1
	sw $5,(1024)$3	1061 1084 -1 -1
	addi $3,$3,4	1085 1086 1087 1087
	addi $2,$2,1	1086 1087 1088 1088
	sw $5,(1024)$3	1084 1086 -1 -1
	bne $2,$4,LOOP2	1087 1089 -1 -1
	addi $3,$3,4	1094 1095 1096 1096
	addi $2,$2,1	1095 1096 1097 1097
	bne $2,$4,LOOP2	1096 1098 -1 -1
LOOP2:	mul $5,$1,$2	1092 1093 1100 1100
	sw $5,(1024)$3	1093 1101 -1 -1
	addi $3,$3,4	1103 1104 1105 1105
	addi $2,$2,1	1104 1105 1106 1106
	bne $2,$4,LOOP2	1105 1107 -1 -1
LOOP2:	mul $5,$1,$2	1101 1102 1109 1109
	sw $5,(1024)$3	1102 1110 -1 -1
	addi $3,$3,4	1112 1113 1114 1114
	addi $2,$2,1	1113 1114 1115 1115
	bne $2,$4,LOOP2	1114 1116 -1 -1
LOOP2:	mul $5,$1,$2	1110 1111 1118 1118
	sw $5,(1024)$3	1111 1119 -1 -1
	addi $3,$3,4	1121 1122 1123 1123
	addi $2,$2,1	1122 1123 1124 1124
	bne $2,$4,LOOP2	1123 1125 -1 -1
LOOP2:	mul $5,$1,$2	1119 1120 1127 1127
	sw $5,(1024)$3	1120 1128 -1 -1
	addi $3,$3,4	1130 1131 1132 1132
	addi $2,$2,1	1131 1132 1133 1133
	bne $2,$4,LOOP2	1132 1134 -1 -1
LOOP2:	mul $5,$1,$2	1128 1129 1136 1136
	sw $5,(1024)$3	1129 1137 -1 -1
	addi $3,$3,4	1139 1140 1141 1141
	addi $2,$2,1	1140 1141 1142 1142
	bne $2,$4,LOOP2	1141 1143 -1 -1
LOOP2:	mul $5,$1,$2	1137 1138 1145 1145
	addi $3,$3,4	1148 1149 1150 1150
	addi $2,$2,1	1149 1150 1151 1151
	bne $2,$4,LOOP2	1150 1152 -1 -1
LOOP2:	mul $5,$1,$2	1146 1147 1154 1154
LOOP2:	mul $5,$1,$2	1155 1156 1163 1163
	sw $5,(1024)$3	1138 1146 -1 -1
	sw $5,(1024)$3	1147 1177 -1 -1
	addi $3,$3,4	1178 1179 1180 1180
	addi $2,$2,1	1179 1180 1181 1181
	sw $5,(1024)$3	1177 1179 -1 -1
	bne $2,$4,LOOP2	1180 1182 -1 -1
	addi $1,$1,1	1185 1186 1187 1187
	bne $1,$4,LOOP1	1186 1188 -1 -1
	halt		1191 1191 -1 -1
