	addi $1,$0,0	1206 1207 1208 1208
	addi $1,$0,0	1207 1208 1209 1209
	addi $1,$0,0	1208 1209 1210 1210
	addi $1,$0,0	1209 1210 1211 1211
	addi $1,$0,0	1214 1215 1216 1216
	addi $1,$0,1	1215 1216 1217 1217
	addi $2,$0,2	1216 1217 1218 1218
	addi $3,$0,3	1217 1218 1219 1219
	addi $4,$0,4	1232 1233 1234 1234
	addi $5,$0,5	1233 1234 1235 1235
	addi $6,$0,6	1234 1235 1236 1236
	addi $7,$0,96	1235 1236 1237 1237
l1:	addi $2,$2,1	1240 1241 1242 1242
	addi $3,$3,1	1241 1242 1243 1243
	addi $4,$4,1	1242 1243 1244 1244
	addi $5,$5,1	1243 1244 1245 1245
	addi $6,$6,1	1258 1259 1260 1260
	bne $2,$7,l1	1259 1260 -1 -1
l1:	addi $2,$2,1	1263 1264 1265 1265
	addi $3,$3,1	1264 1265 1266 1266
	addi $4,$4,1	1265 1266 1267 1267
	addi $5,$5,1	1266 1267 1268 1268
	addi $6,$6,1	1267 1268 1269 1269
	bne $2,$7,l1	1268 1269 -1 -1
l1:	addi $2,$2,1	1272 1273 1274 1274
	addi $3,$3,1	1273 1274 1275 1275
	addi $4,$4,1	1274 1275 1276 1276
	addi $5,$5,1	1275 1276 1277 1277
	addi $6,$6,1	1276 1277 1278 1278
	bne $2,$7,l1	1277 1278 -1 -1
l1:	addi $2,$2,1	1281 1282 1283 1283
	addi $3,$3,1	1282 1283 1284 1284
	addi $4,$4,1	1283 1284 1285 1285
	addi $5,$5,1	1284 1285 1286 1286
	addi $6,$6,1	1285 1286 1287 1287
	bne $2,$7,l1	1286 1287 -1 -1
l1:	addi $2,$2,1	1290 1291 1292 1292
	addi $3,$3,1	1291 1292 1293 1293
	addi $4,$4,1	1292 1293 1294 1294
	addi $5,$5,1	1293 1294 1295 1295
	addi $6,$6,1	1294 1295 1296 1296
	bne $2,$7,l1	1295 1296 -1 -1
l1:	addi $2,$2,1	1299 1300 1301 1301
	addi $3,$3,1	1300 1301 1302 1302
	addi $4,$4,1	1301 1302 1303 1303
	addi $5,$5,1	1302 1303 1304 1304
	addi $6,$6,1	1303 1304 1305 1305
	bne $2,$7,l1	1304 1305 -1 -1
l1:	addi $2,$2,1	1308 1309 1310 1310
	addi $3,$3,1	1309 1310 1311 1311
	addi $4,$4,1	1310 1311 1312 1312
	addi $5,$5,1	1311 1312 1313 1313
	addi $6,$6,1	1312 1313 1314 1314
	bne $2,$7,l1	1313 1314 -1 -1
l1:	addi $2,$2,1	1317 1318 1319 1319
	addi $3,$3,1	1318 1319 1320 1320
	addi $4,$4,1	1319 1320 1321 1321
	addi $5,$5,1	1320 1321 1322 1322
	addi $6,$6,1	1321 1322 1323 1323
	bne $2,$7,l1	1322 1323 -1 -1
l1:	addi $2,$2,1	1326 1327 1328 1328
	addi $3,$3,1	1327 1328 1329 1329
	addi $4,$4,1	1328 1329 1330 1330
	addi $5,$5,1	1329 1330 1331 1331
	addi $6,$6,1	1330 1331 1332 1332
	bne $2,$7,l1	1331 1332 -1 -1
l1:	addi $2,$2,1	1335 1336 1337 1337
	addi $3,$3,1	1336 1337 1338 1338
	addi $4,$4,1	1337 1338 1339 1339
	addi $5,$5,1	1338 1339 1340 1340
	addi $6,$6,1	1339 1340 1341 1341
	bne $2,$7,l1	1340 1341 -1 -1
l1:	addi $2,$2,1	1344 1345 1346 1346
	addi $3,$3,1	1345 1346 1347 1347
	addi $4,$4,1	1346 1347 1348 1348
	addi $5,$5,1	1347 1348 1349 1349
	addi $6,$6,1	1348 1349 1350 1350
	bne $2,$7,l1	1349 1350 -1 -1
l1:	addi $2,$2,1	1353 1354 1355 1355
	addi $3,$3,1	1354 1355 1356 1356
	addi $4,$4,1	1355 1356 1357 1357
	addi $5,$5,1	1356 1357 1358 1358
	addi $6,$6,1	1357 1358 1359 1359
	bne $2,$7,l1	1358 1359 -1 -1
l1:	addi $2,$2,1	1362 1363 1364 1364
	addi $3,$3,1	1363 1364 1365 1365
	addi $4,$4,1	1364 1365 1366 1366
	addi $5,$5,1	1365 1366 1367 1367
	addi $6,$6,1	1366 1367 1368 1368
	bne $2,$7,l1	1367 1368 -1 -1
l1:	addi $2,$2,1	1371 1372 1373 1373
	addi $3,$3,1	1372 1373 1374 1374
	addi $4,$4,1	1373 1374 1375 1375
	addi $5,$5,1	1374 1375 1376 1376
	addi $6,$6,1	1375 1376 1377 1377
	bne $2,$7,l1	1376 1377 -1 -1
l1:	addi $2,$2,1	1380 1381 1382 1382
	addi $3,$3,1	1381 1382 1383 1383
	addi $4,$4,1	1382 1383 1384 1384
	addi $5,$5,1	1383 1384 1385 1385
	addi $6,$6,1	1384 1385 1386 1386
	bne $2,$7,l1	1385 1386 -1 -1
l1:	addi $2,$2,1	1389 1390 1391 1391
	addi $3,$3,1	1390 1391 1392 1392
	addi $4,$4,1	1391 1392 1393 1393
	addi $5,$5,1	1392 1393 1394 1394
	addi $6,$6,1	1393 1394 1395 1395
	bne $2,$7,l1	1394 1395 -1 -1
l1:	addi $2,$2,1	1398 1399 1400 1400
	addi $3,$3,1	1399 1400 1401 1401
	addi $4,$4,1	1400 1401 1402 1402
	addi $5,$5,1	1401 1402 1403 1403
	addi $6,$6,1	1402 1403 1404 1404
	bne $2,$7,l1	1403 1404 -1 -1
l1:	addi $2,$2,1	1407 1408 1409 1409
	addi $3,$3,1	1408 1409 1410 1410
	addi $4,$4,1	1409 1410 1411 1411
	addi $5,$5,1	1410 1411 1412 1412
	addi $6,$6,1	1411 1412 1413 1413
	bne $2,$7,l1	1412 1413 -1 -1
l1:	addi $2,$2,1	1416 1417 1418 1418
	addi $3,$3,1	1417 1418 1419 1419
	addi $4,$4,1	1418 1419 1420 1420
	addi $5,$5,1	1419 1420 1421 1421
	addi $6,$6,1	1420 1421 1422 1422
	bne $2,$7,l1	1421 1422 -1 -1
l1:	addi $2,$2,1	1425 1426 1427 1427
	addi $3,$3,1	1426 1427 1428 1428
	addi $4,$4,1	1427 1428 1429 1429
	addi $5,$5,1	1428 1429 1430 1430
	addi $6,$6,1	1429 1430 1431 1431
	bne $2,$7,l1	1430 1431 -1 -1
l1:	addi $2,$2,1	1434 1435 1436 1436
	addi $3,$3,1	1435 1436 1437 1437
	addi $4,$4,1	1436 1437 1438 1438
	addi $5,$5,1	1437 1438 1439 1439
	addi $6,$6,1	1438 1439 1440 1440
	bne $2,$7,l1	1439 1440 -1 -1
l1:	addi $2,$2,1	1443 1444 1445 1445
	addi $3,$3,1	1444 1445 1446 1446
	addi $4,$4,1	1445 1446 1447 1447
	addi $5,$5,1	1446 1447 1448 1448
	addi $6,$6,1	1447 1448 1449 1449
	bne $2,$7,l1	1448 1449 -1 -1
l1:	addi $2,$2,1	1452 1453 1454 1454
	addi $3,$3,1	1453 1454 1455 1455
	addi $4,$4,1	1454 1455 1456 1456
	addi $5,$5,1	1455 1456 1457 1457
	addi $6,$6,1	1456 1457 1458 1458
	bne $2,$7,l1	1457 1458 -1 -1
l1:	addi $2,$2,1	1461 1462 1463 1463
	addi $3,$3,1	1462 1463 1464 1464
	addi $4,$4,1	1463 1464 1465 1465
	addi $5,$5,1	1464 1465 1466 1466
	addi $6,$6,1	1465 1466 1467 1467
	bne $2,$7,l1	1466 1467 -1 -1
l1:	addi $2,$2,1	1470 1471 1472 1472
	addi $3,$3,1	1471 1472 1473 1473
	addi $4,$4,1	1472 1473 1474 1474
	addi $5,$5,1	1473 1474 1475 1475
	addi $6,$6,1	1474 1475 1476 1476
	bne $2,$7,l1	1475 1476 -1 -1
l1:	addi $2,$2,1	1479 1480 1481 1481
	addi $3,$3,1	1480 1481 1482 1482
	addi $4,$4,1	1481 1482 1483 1483
	addi $5,$5,1	1482 1483 1484 1484
	addi $6,$6,1	1483 1484 1485 1485
	bne $2,$7,l1	1484 1485 -1 -1
l1:	addi $2,$2,1	1488 1489 1490 1490
	addi $3,$3,1	1489 1490 1491 1491
	addi $4,$4,1	1490 1491 1492 1492
	addi $5,$5,1	1491 1492 1493 1493
	addi $6,$6,1	1492 1493 1494 1494
	bne $2,$7,l1	1493 1494 -1 -1
l1:	addi $2,$2,1	1497 1498 1499 1499
	addi $3,$3,1	1498 1499 1500 1500
	addi $4,$4,1	1499 1500 1501 1501
	addi $5,$5,1	1500 1501 1502 1502
	addi $6,$6,1	1501 1502 1503 1503
	bne $2,$7,l1	1502 1503 -1 -1
l1:	addi $2,$2,1	1506 1507 1508 1508
	addi $3,$3,1	1507 1508 1509 1509
	addi $4,$4,1	1508 1509 1510 1510
	addi $5,$5,1	1509 1510 1511 1511
	addi $6,$6,1	1510 1511 1512 1512
	bne $2,$7,l1	1511 1512 -1 -1
l1:	addi $2,$2,1	1515 1516 1517 1517
	addi $3,$3,1	1516 1517 1518 1518
	addi $4,$4,1	1517 1518 1519 1519
	addi $5,$5,1	1518 1519 1520 1520
	addi $6,$6,1	1519 1520 1521 1521
	bne $2,$7,l1	1520 1521 -1 -1
l1:	addi $2,$2,1	1524 1525 1526 1526
	addi $3,$3,1	1525 1526 1527 1527
	addi $4,$4,1	1526 1527 1528 1528
	addi $5,$5,1	1527 1528 1529 1529
	addi $6,$6,1	1528 1529 1530 1530
	bne $2,$7,l1	1529 1530 -1 -1
l1:	addi $2,$2,1	1533 1534 1535 1535
	addi $3,$3,1	1534 1535 1536 1536
	addi $4,$4,1	1535 1536 1537 1537
	addi $5,$5,1	1536 1537 1538 1538
	addi $6,$6,1	1537 1538 1539 1539
	bne $2,$7,l1	1538 1539 -1 -1
l1:	addi $2,$2,1	1542 1543 1544 1544
	addi $3,$3,1	1543 1544 1545 1545
	addi $4,$4,1	1544 1545 1546 1546
	addi $5,$5,1	1545 1546 1547 1547
	addi $6,$6,1	1546 1547 1548 1548
	bne $2,$7,l1	1547 1548 -1 -1
l1:	addi $2,$2,1	1551 1552 1553 1553
	addi $3,$3,1	1552 1553 1554 1554
	addi $4,$4,1	1553 1554 1555 1555
	addi $5,$5,1	1554 1555 1556 1556
	addi $6,$6,1	1555 1556 1557 1557
	bne $2,$7,l1	1556 1557 -1 -1
l1:	addi $2,$2,1	1560 1561 1562 1562
	addi $3,$3,1	1561 1562 1563 1563
	addi $4,$4,1	1562 1563 1564 1564
	addi $5,$5,1	1563 1564 1565 1565
	addi $6,$6,1	1564 1565 1566 1566
	bne $2,$7,l1	1565 1566 -1 -1
l1:	addi $2,$2,1	1569 1570 1571 1571
	addi $3,$3,1	1570 1571 1572 1572
	addi $4,$4,1	1571 1572 1573 1573
	addi $5,$5,1	1572 1573 1574 1574
	addi $6,$6,1	1573 1574 1575 1575
	bne $2,$7,l1	1574 1575 -1 -1
l1:	addi $2,$2,1	1578 1579 1580 1580
	addi $3,$3,1	1579 1580 1581 1581
	addi $4,$4,1	1580 1581 1582 1582
	addi $5,$5,1	1581 1582 1583 1583
	addi $6,$6,1	1582 1583 1584 1584
	bne $2,$7,l1	1583 1584 -1 -1
l1:	addi $2,$2,1	1587 1588 1589 1589
	addi $3,$3,1	1588 1589 1590 1590
	addi $4,$4,1	1589 1590 1591 1591
	addi $5,$5,1	1590 1591 1592 1592
	addi $6,$6,1	1591 1592 1593 1593
	bne $2,$7,l1	1592 1593 -1 -1
l1:	addi $2,$2,1	1596 1597 1598 1598
	addi $3,$3,1	1597 1598 1599 1599
	addi $4,$4,1	1598 1599 1600 1600
	addi $5,$5,1	1599 1600 1601 1601
	addi $6,$6,1	1600 1601 1602 1602
	bne $2,$7,l1	1601 1602 -1 -1
l1:	addi $2,$2,1	1605 1606 1607 1607
	addi $3,$3,1	1606 1607 1608 1608
	addi $4,$4,1	1607 1608 1609 1609
	addi $5,$5,1	1608 1609 1610 1610
	addi $6,$6,1	1609 1610 1611 1611
	bne $2,$7,l1	1610 1611 -1 -1
l1:	addi $2,$2,1	1614 1615 1616 1616
	addi $3,$3,1	1615 1616 1617 1617
	addi $4,$4,1	1616 1617 1618 1618
	addi $5,$5,1	1617 1618 1619 1619
	addi $6,$6,1	1618 1619 1620 1620
	bne $2,$7,l1	1619 1620 -1 -1
l1:	addi $2,$2,1	1623 1624 1625 1625
	addi $3,$3,1	1624 1625 1626 1626
	addi $4,$4,1	1625 1626 1627 1627
	addi $5,$5,1	1626 1627 1628 1628
	addi $6,$6,1	1627 1628 1629 1629
	bne $2,$7,l1	1628 1629 -1 -1
l1:	addi $2,$2,1	1632 1633 1634 1634
	addi $3,$3,1	1633 1634 1635 1635
	addi $4,$4,1	1634 1635 1636 1636
	addi $5,$5,1	1635 1636 1637 1637
	addi $6,$6,1	1636 1637 1638 1638
	bne $2,$7,l1	1637 1638 -1 -1
l1:	addi $2,$2,1	1641 1642 1643 1643
	addi $3,$3,1	1642 1643 1644 1644
	addi $4,$4,1	1643 1644 1645 1645
	addi $5,$5,1	1644 1645 1646 1646
	addi $6,$6,1	1645 1646 1647 1647
	bne $2,$7,l1	1646 1647 -1 -1
l1:	addi $2,$2,1	1650 1651 1652 1652
	addi $3,$3,1	1651 1652 1653 1653
	addi $4,$4,1	1652 1653 1654 1654
	addi $5,$5,1	1653 1654 1655 1655
	addi $6,$6,1	1654 1655 1656 1656
	bne $2,$7,l1	1655 1656 -1 -1
l1:	addi $2,$2,1	1659 1660 1661 1661
	addi $3,$3,1	1660 1661 1662 1662
	addi $4,$4,1	1661 1662 1663 1663
	addi $5,$5,1	1662 1663 1664 1664
	addi $6,$6,1	1663 1664 1665 1665
	bne $2,$7,l1	1664 1665 -1 -1
l1:	addi $2,$2,1	1668 1669 1670 1670
	addi $3,$3,1	1669 1670 1671 1671
	addi $4,$4,1	1670 1671 1672 1672
	addi $5,$5,1	1671 1672 1673 1673
	addi $6,$6,1	1672 1673 1674 1674
	bne $2,$7,l1	1673 1674 -1 -1
l1:	addi $2,$2,1	1677 1678 1679 1679
	addi $3,$3,1	1678 1679 1680 1680
	addi $4,$4,1	1679 1680 1681 1681
	addi $5,$5,1	1680 1681 1682 1682
	addi $6,$6,1	1681 1682 1683 1683
	bne $2,$7,l1	1682 1683 -1 -1
l1:	addi $2,$2,1	1686 1687 1688 1688
	addi $3,$3,1	1687 1688 1689 1689
	addi $4,$4,1	1688 1689 1690 1690
	addi $5,$5,1	1689 1690 1691 1691
	addi $6,$6,1	1690 1691 1692 1692
	bne $2,$7,l1	1691 1692 -1 -1
l1:	addi $2,$2,1	1695 1696 1697 1697
	addi $3,$3,1	1696 1697 1698 1698
	addi $4,$4,1	1697 1698 1699 1699
	addi $5,$5,1	1698 1699 1700 1700
	addi $6,$6,1	1699 1700 1701 1701
	bne $2,$7,l1	1700 1701 -1 -1
l1:	addi $2,$2,1	1704 1705 1706 1706
	addi $3,$3,1	1705 1706 1707 1707
	addi $4,$4,1	1706 1707 1708 1708
	addi $5,$5,1	1707 1708 1709 1709
	addi $6,$6,1	1708 1709 1710 1710
	bne $2,$7,l1	1709 1710 -1 -1
l1:	addi $2,$2,1	1713 1714 1715 1715
	addi $3,$3,1	1714 1715 1716 1716
	addi $4,$4,1	1715 1716 1717 1717
	addi $5,$5,1	1716 1717 1718 1718
	addi $6,$6,1	1717 1718 1719 1719
	bne $2,$7,l1	1718 1719 -1 -1
l1:	addi $2,$2,1	1722 1723 1724 1724
	addi $3,$3,1	1723 1724 1725 1725
	addi $4,$4,1	1724 1725 1726 1726
	addi $5,$5,1	1725 1726 1727 1727
	addi $6,$6,1	1726 1727 1728 1728
	bne $2,$7,l1	1727 1728 -1 -1
l1:	addi $2,$2,1	1731 1732 1733 1733
	addi $3,$3,1	1732 1733 1734 1734
	addi $4,$4,1	1733 1734 1735 1735
	addi $5,$5,1	1734 1735 1736 1736
	addi $6,$6,1	1735 1736 1737 1737
	bne $2,$7,l1	1736 1737 -1 -1
l1:	addi $2,$2,1	1740 1741 1742 1742
	addi $3,$3,1	1741 1742 1743 1743
	addi $4,$4,1	1742 1743 1744 1744
	addi $5,$5,1	1743 1744 1745 1745
	addi $6,$6,1	1744 1745 1746 1746
	bne $2,$7,l1	1745 1746 -1 -1
l1:	addi $2,$2,1	1749 1750 1751 1751
	addi $3,$3,1	1750 1751 1752 1752
	addi $4,$4,1	1751 1752 1753 1753
	addi $5,$5,1	1752 1753 1754 1754
	addi $6,$6,1	1753 1754 1755 1755
	bne $2,$7,l1	1754 1755 -1 -1
l1:	addi $2,$2,1	1758 1759 1760 1760
	addi $3,$3,1	1759 1760 1761 1761
	addi $4,$4,1	1760 1761 1762 1762
	addi $5,$5,1	1761 1762 1763 1763
	addi $6,$6,1	1762 1763 1764 1764
	bne $2,$7,l1	1763 1764 -1 -1
l1:	addi $2,$2,1	1767 1768 1769 1769
	addi $3,$3,1	1768 1769 1770 1770
	addi $4,$4,1	1769 1770 1771 1771
	addi $5,$5,1	1770 1771 1772 1772
	addi $6,$6,1	1771 1772 1773 1773
	bne $2,$7,l1	1772 1773 -1 -1
l1:	addi $2,$2,1	1776 1777 1778 1778
	addi $3,$3,1	1777 1778 1779 1779
	addi $4,$4,1	1778 1779 1780 1780
	addi $5,$5,1	1779 1780 1781 1781
	addi $6,$6,1	1780 1781 1782 1782
	bne $2,$7,l1	1781 1782 -1 -1
l1:	addi $2,$2,1	1785 1786 1787 1787
	addi $3,$3,1	1786 1787 1788 1788
	addi $4,$4,1	1787 1788 1789 1789
	addi $5,$5,1	1788 1789 1790 1790
	addi $6,$6,1	1789 1790 1791 1791
	bne $2,$7,l1	1790 1791 -1 -1
l1:	addi $2,$2,1	1794 1795 1796 1796
	addi $3,$3,1	1795 1796 1797 1797
	addi $4,$4,1	1796 1797 1798 1798
	addi $5,$5,1	1797 1798 1799 1799
	addi $6,$6,1	1798 1799 1800 1800
	bne $2,$7,l1	1799 1800 -1 -1
l1:	addi $2,$2,1	1803 1804 1805 1805
	addi $3,$3,1	1804 1805 1806 1806
	addi $4,$4,1	1805 1806 1807 1807
	addi $5,$5,1	1806 1807 1808 1808
	addi $6,$6,1	1807 1808 1809 1809
	bne $2,$7,l1	1808 1809 -1 -1
l1:	addi $2,$2,1	1812 1813 1814 1814
	addi $3,$3,1	1813 1814 1815 1815
	addi $4,$4,1	1814 1815 1816 1816
	addi $5,$5,1	1815 1816 1817 1817
	addi $6,$6,1	1816 1817 1818 1818
	bne $2,$7,l1	1817 1818 -1 -1
l1:	addi $2,$2,1	1821 1822 1823 1823
	addi $3,$3,1	1822 1823 1824 1824
	addi $4,$4,1	1823 1824 1825 1825
	addi $5,$5,1	1824 1825 1826 1826
	addi $6,$6,1	1825 1826 1827 1827
	bne $2,$7,l1	1826 1827 -1 -1
l1:	addi $2,$2,1	1830 1831 1832 1832
	addi $3,$3,1	1831 1832 1833 1833
	addi $4,$4,1	1832 1833 1834 1834
	addi $5,$5,1	1833 1834 1835 1835
	addi $6,$6,1	1834 1835 1836 1836
	bne $2,$7,l1	1835 1836 -1 -1
l1:	addi $2,$2,1	1839 1840 1841 1841
	addi $3,$3,1	1840 1841 1842 1842
	addi $4,$4,1	1841 1842 1843 1843
	addi $5,$5,1	1842 1843 1844 1844
	addi $6,$6,1	1843 1844 1845 1845
	bne $2,$7,l1	1844 1845 -1 -1
l1:	addi $2,$2,1	1848 1849 1850 1850
	addi $3,$3,1	1849 1850 1851 1851
	addi $4,$4,1	1850 1851 1852 1852
	addi $5,$5,1	1851 1852 1853 1853
	addi $6,$6,1	1852 1853 1854 1854
	bne $2,$7,l1	1853 1854 -1 -1
l1:	addi $2,$2,1	1857 1858 1859 1859
	addi $3,$3,1	1858 1859 1860 1860
	addi $4,$4,1	1859 1860 1861 1861
	addi $5,$5,1	1860 1861 1862 1862
	addi $6,$6,1	1861 1862 1863 1863
	bne $2,$7,l1	1862 1863 -1 -1
l1:	addi $2,$2,1	1866 1867 1868 1868
	addi $3,$3,1	1867 1868 1869 1869
	addi $4,$4,1	1868 1869 1870 1870
	addi $5,$5,1	1869 1870 1871 1871
	addi $6,$6,1	1870 1871 1872 1872
	bne $2,$7,l1	1871 1872 -1 -1
l1:	addi $2,$2,1	1875 1876 1877 1877
	addi $3,$3,1	1876 1877 1878 1878
	addi $4,$4,1	1877 1878 1879 1879
	addi $5,$5,1	1878 1879 1880 1880
	addi $6,$6,1	1879 1880 1881 1881
	bne $2,$7,l1	1880 1881 -1 -1
l1:	addi $2,$2,1	1884 1885 1886 1886
	addi $3,$3,1	1885 1886 1887 1887
	addi $4,$4,1	1886 1887 1888 1888
	addi $5,$5,1	1887 1888 1889 1889
	addi $6,$6,1	1888 1889 1890 1890
	bne $2,$7,l1	1889 1890 -1 -1
l1:	addi $2,$2,1	1893 1894 1895 1895
	addi $3,$3,1	1894 1895 1896 1896
	addi $4,$4,1	1895 1896 1897 1897
	addi $5,$5,1	1896 1897 1898 1898
	addi $6,$6,1	1897 1898 1899 1899
	bne $2,$7,l1	1898 1899 -1 -1
l1:	addi $2,$2,1	1902 1903 1904 1904
	addi $3,$3,1	1903 1904 1905 1905
	addi $4,$4,1	1904 1905 1906 1906
	addi $5,$5,1	1905 1906 1907 1907
	addi $6,$6,1	1906 1907 1908 1908
	bne $2,$7,l1	1907 1908 -1 -1
l1:	addi $2,$2,1	1911 1912 1913 1913
	addi $3,$3,1	1912 1913 1914 1914
	addi $4,$4,1	1913 1914 1915 1915
	addi $5,$5,1	1914 1915 1916 1916
	addi $6,$6,1	1915 1916 1917 1917
	bne $2,$7,l1	1916 1917 -1 -1
l1:	addi $2,$2,1	1920 1921 1922 1922
	addi $3,$3,1	1921 1922 1923 1923
	addi $4,$4,1	1922 1923 1924 1924
	addi $5,$5,1	1923 1924 1925 1925
	addi $6,$6,1	1924 1925 1926 1926
	bne $2,$7,l1	1925 1926 -1 -1
l1:	addi $2,$2,1	1929 1930 1931 1931
	addi $3,$3,1	1930 1931 1932 1932
	addi $4,$4,1	1931 1932 1933 1933
	addi $5,$5,1	1932 1933 1934 1934
	addi $6,$6,1	1933 1934 1935 1935
	bne $2,$7,l1	1934 1935 -1 -1
l1:	addi $2,$2,1	1938 1939 1940 1940
	addi $3,$3,1	1939 1940 1941 1941
	addi $4,$4,1	1940 1941 1942 1942
	addi $5,$5,1	1941 1942 1943 1943
	addi $6,$6,1	1942 1943 1944 1944
	bne $2,$7,l1	1943 1944 -1 -1
l1:	addi $2,$2,1	1947 1948 1949 1949
	addi $3,$3,1	1948 1949 1950 1950
	addi $4,$4,1	1949 1950 1951 1951
	addi $5,$5,1	1950 1951 1952 1952
	addi $6,$6,1	1951 1952 1953 1953
	bne $2,$7,l1	1952 1953 -1 -1
l1:	addi $2,$2,1	1956 1957 1958 1958
	addi $3,$3,1	1957 1958 1959 1959
	addi $4,$4,1	1958 1959 1960 1960
	addi $5,$5,1	1959 1960 1961 1961
	addi $6,$6,1	1960 1961 1962 1962
	bne $2,$7,l1	1961 1962 -1 -1
l1:	addi $2,$2,1	1965 1966 1967 1967
	addi $3,$3,1	1966 1967 1968 1968
	addi $4,$4,1	1967 1968 1969 1969
	addi $5,$5,1	1968 1969 1970 1970
	addi $6,$6,1	1969 1970 1971 1971
	bne $2,$7,l1	1970 1971 -1 -1
l1:	addi $2,$2,1	1974 1975 1976 1976
	addi $3,$3,1	1975 1976 1977 1977
	addi $4,$4,1	1976 1977 1978 1978
	addi $5,$5,1	1977 1978 1979 1979
	addi $6,$6,1	1978 1979 1980 1980
	bne $2,$7,l1	1979 1980 -1 -1
l1:	addi $2,$2,1	1983 1984 1985 1985
	addi $3,$3,1	1984 1985 1986 1986
	addi $4,$4,1	1985 1986 1987 1987
	addi $5,$5,1	1986 1987 1988 1988
	addi $6,$6,1	1987 1988 1989 1989
	bne $2,$7,l1	1988 1989 -1 -1
l1:	addi $2,$2,1	1992 1993 1994 1994
	addi $3,$3,1	1993 1994 1995 1995
	addi $4,$4,1	1994 1995 1996 1996
	addi $5,$5,1	1995 1996 1997 1997
	addi $6,$6,1	1996 1997 1998 1998
	bne $2,$7,l1	1997 1998 -1 -1
l1:	addi $2,$2,1	2001 2002 2003 2003
	addi $3,$3,1	2002 2003 2004 2004
	addi $4,$4,1	2003 2004 2005 2005
	addi $5,$5,1	2004 2005 2006 2006
	addi $6,$6,1	2005 2006 2007 2007
	bne $2,$7,l1	2006 2007 -1 -1
l1:	addi $2,$2,1	2010 2011 2012 2012
	addi $3,$3,1	2011 2012 2013 2013
	addi $4,$4,1	2012 2013 2014 2014
	addi $5,$5,1	2013 2014 2015 2015
	addi $6,$6,1	2014 2015 2016 2016
	bne $2,$7,l1	2015 2016 -1 -1
l1:	addi $2,$2,1	2019 2020 2021 2021
	addi $3,$3,1	2020 2021 2022 2022
	addi $4,$4,1	2021 2022 2023 2023
	addi $5,$5,1	2022 2023 2024 2024
	addi $6,$6,1	2023 2024 2025 2025
	bne $2,$7,l1	2024 2025 -1 -1
l1:	addi $2,$2,1	2028 2029 2030 2030
	addi $3,$3,1	2029 2030 2031 2031
	addi $4,$4,1	2030 2031 2032 2032
	addi $5,$5,1	2031 2032 2033 2033
	addi $6,$6,1	2032 2033 2034 2034
	bne $2,$7,l1	2033 2034 -1 -1
l1:	addi $2,$2,1	2037 2038 2039 2039
	addi $3,$3,1	2038 2039 2040 2040
	addi $4,$4,1	2039 2040 2041 2041
	addi $5,$5,1	2040 2041 2042 2042
	addi $6,$6,1	2041 2042 2043 2043
	bne $2,$7,l1	2042 2043 -1 -1
l1:	addi $2,$2,1	2046 2047 2048 2048
	addi $3,$3,1	2047 2048 2049 2049
	addi $4,$4,1	2048 2049 2050 2050
	addi $5,$5,1	2049 2050 2051 2051
	addi $6,$6,1	2050 2051 2052 2052
	bne $2,$7,l1	2051 2052 -1 -1
l1:	addi $2,$2,1	2055 2056 2057 2057
	addi $3,$3,1	2056 2057 2058 2058
	addi $4,$4,1	2057 2058 2059 2059
	addi $5,$5,1	2058 2059 2060 2060
	addi $6,$6,1	2059 2060 2061 2061
	bne $2,$7,l1	2060 2061 -1 -1
l1:	addi $2,$2,1	2064 2065 2066 2066
	addi $3,$3,1	2065 2066 2067 2067
	addi $4,$4,1	2066 2067 2068 2068
	addi $5,$5,1	2067 2068 2069 2069
	addi $6,$6,1	2068 2069 2070 2070
	bne $2,$7,l1	2069 2070 -1 -1
l1:	addi $2,$2,1	2073 2074 2075 2075
	addi $3,$3,1	2074 2075 2076 2076
	addi $4,$4,1	2075 2076 2077 2077
	addi $5,$5,1	2076 2077 2078 2078
	addi $6,$6,1	2077 2078 2079 2079
	bne $2,$7,l1	2078 2079 -1 -1
l1:	addi $2,$2,1	2082 2083 2084 2084
	addi $3,$3,1	2083 2084 2085 2085
	addi $4,$4,1	2084 2085 2086 2086
	addi $5,$5,1	2085 2086 2087 2087
	addi $6,$6,1	2086 2087 2088 2088
	bne $2,$7,l1	2087 2088 -1 -1
l1:	addi $2,$2,1	2091 2092 2093 2093
	addi $3,$3,1	2092 2093 2094 2094
	addi $4,$4,1	2093 2094 2095 2095
	addi $5,$5,1	2094 2095 2096 2096
	addi $6,$6,1	2095 2096 2097 2097
	bne $2,$7,l1	2096 2097 -1 -1
	halt		2100 2100 -1 -1
