0b e1 1a 1c 7f 23 f8 29
f8 a4 1b 13 b5 ca 4e e8
98 32 38 e0 79 4d 3d 34
b8 6d 11 34 2d 8d ef 4f
ac 86 21 2b aa 1a 55 a2
be 70 b5 73 3b 04 5c d3
36 94 b3 af e2 f0 e4 9e
33 fc 3e a0 18 7f a1 16
