40 00 f0 00 44 00 f0 00
48 00 f0 00 4c 00 f0 00
50 00 f0 00 54 00 f0 00
58 00 f0 00 5c 00 f0 00
60 00 f0 00 64 00 f0 00
28 00 f0 00 2c 00 f0 00
30 00 f0 00 34 00 f0 00
38 00 f0 00 3c 00 f0 00
